

// Path 1
Endpoint:      cs_registers_i/u_mtvec_csr_rdata_q_reg[29]/D
Beginpoint:    boot_addr_i[29]
Analysis View: ana_wc
Hold Slack:    -1152.5ps

Node: cs_registers_i/u_mtvec_csr_rdata_q_reg[29]/D
Net:  cs_registers_i/n_493
  Setup Slack:   157.4ps
  Analysis View: ana_wc
  Failed Reason:
Node: cs_registers_i/g21364__1617/ZN
Net:  cs_registers_i/n_493
  Setup Slack:   157.4ps
  Analysis View: ana_wc
  Failed Reason:
Node: cs_registers_i/g21364__1617/B2
Net:  boot_addr_i[29]
  Setup Slack:   2565.7ps
  Analysis View: ana_wc
  Failed Reason:
Node: boot_addr_i[29]
Net:  boot_addr_i[29]
  Setup Slack:   1623.9ps
  Analysis View: ana_wc
  Failed Reason:


// Path 2
Endpoint:      load_store_unit_i/rdata_q_reg[10]/D
Beginpoint:    data_rdata_i[10]
Analysis View: ana_wc
Hold Slack:    -1053.0ps

Node: load_store_unit_i/rdata_q_reg[10]/D
Net:  data_rdata_i[10]
  Setup Slack:   2524.6ps
  Analysis View: ana_wc
  Failed Reason:
Node: data_rdata_i[10]
Net:  data_rdata_i[10]
  Setup Slack:   1636.1ps
  Analysis View: ana_wc
  Failed Reason:


// Path 3
Endpoint:      load_store_unit_i/rdata_q_reg[16]/D
Beginpoint:    data_rdata_i[16]
Analysis View: ana_wc
Hold Slack:    -1053.0ps

Node: load_store_unit_i/rdata_q_reg[16]/D
Net:  data_rdata_i[16]
  Setup Slack:   2525.3ps
  Analysis View: ana_wc
  Failed Reason:
Node: data_rdata_i[16]
Net:  data_rdata_i[16]
  Setup Slack:   1617.4ps
  Analysis View: ana_wc
  Failed Reason:


// Path 4
Endpoint:      load_store_unit_i/rdata_q_reg[24]/D
Beginpoint:    data_rdata_i[24]
Analysis View: ana_wc
Hold Slack:    -1053.0ps

Node: load_store_unit_i/rdata_q_reg[24]/D
Net:  data_rdata_i[24]
  Setup Slack:   2525.0ps
  Analysis View: ana_wc
  Failed Reason:
Node: data_rdata_i[24]
Net:  data_rdata_i[24]
  Setup Slack:   1731.4ps
  Analysis View: ana_wc
  Failed Reason:


// Path 5
Endpoint:      load_store_unit_i/rdata_q_reg[8]/D
Beginpoint:    data_rdata_i[8]
Analysis View: ana_wc
Hold Slack:    -1052.9ps

Node: load_store_unit_i/rdata_q_reg[8]/D
Net:  data_rdata_i[8]
  Setup Slack:   2525.8ps
  Analysis View: ana_wc
  Failed Reason:
Node: data_rdata_i[8]
Net:  data_rdata_i[8]
  Setup Slack:   1592.0ps
  Analysis View: ana_wc
  Failed Reason:


// Path 6
Endpoint:      load_store_unit_i/rdata_q_reg[18]/D
Beginpoint:    data_rdata_i[18]
Analysis View: ana_wc
Hold Slack:    -1052.7ps

Node: load_store_unit_i/rdata_q_reg[18]/D
Net:  data_rdata_i[18]
  Setup Slack:   2525.5ps
  Analysis View: ana_wc
  Failed Reason:
Node: data_rdata_i[18]
Net:  data_rdata_i[18]
  Setup Slack:   1689.6ps
  Analysis View: ana_wc
  Failed Reason:


// Path 7
Endpoint:      load_store_unit_i/rdata_q_reg[26]/D
Beginpoint:    data_rdata_i[26]
Analysis View: ana_wc
Hold Slack:    -1052.7ps

Node: load_store_unit_i/rdata_q_reg[26]/D
Net:  data_rdata_i[26]
  Setup Slack:   2524.8ps
  Analysis View: ana_wc
  Failed Reason:
Node: data_rdata_i[26]
Net:  data_rdata_i[26]
  Setup Slack:   1735.2ps
  Analysis View: ana_wc
  Failed Reason:


// Path 8
Endpoint:      load_store_unit_i/rdata_q_reg[11]/D
Beginpoint:    data_rdata_i[11]
Analysis View: ana_wc
Hold Slack:    -1052.6ps

Node: load_store_unit_i/rdata_q_reg[11]/D
Net:  data_rdata_i[11]
  Setup Slack:   2525.0ps
  Analysis View: ana_wc
  Failed Reason:
Node: data_rdata_i[11]
Net:  data_rdata_i[11]
  Setup Slack:   1551.2ps
  Analysis View: ana_wc
  Failed Reason:


// Path 9
Endpoint:      load_store_unit_i/rdata_q_reg[27]/D
Beginpoint:    data_rdata_i[27]
Analysis View: ana_wc
Hold Slack:    -1052.6ps

Node: load_store_unit_i/rdata_q_reg[27]/D
Net:  data_rdata_i[27]
  Setup Slack:   2525.3ps
  Analysis View: ana_wc
  Failed Reason:
Node: data_rdata_i[27]
Net:  data_rdata_i[27]
  Setup Slack:   1586.3ps
  Analysis View: ana_wc
  Failed Reason:


// Path 10
Endpoint:      load_store_unit_i/rdata_q_reg[14]/D
Beginpoint:    data_rdata_i[14]
Analysis View: ana_wc
Hold Slack:    -1052.5ps

Node: load_store_unit_i/rdata_q_reg[14]/D
Net:  data_rdata_i[14]
  Setup Slack:   2526.1ps
  Analysis View: ana_wc
  Failed Reason:
Node: data_rdata_i[14]
Net:  data_rdata_i[14]
  Setup Slack:   1644.4ps
  Analysis View: ana_wc
  Failed Reason:


// Path 11
Endpoint:      load_store_unit_i/rdata_q_reg[30]/D
Beginpoint:    data_rdata_i[30]
Analysis View: ana_wc
Hold Slack:    -1052.4ps

Node: load_store_unit_i/rdata_q_reg[30]/D
Net:  data_rdata_i[30]
  Setup Slack:   2525.6ps
  Analysis View: ana_wc
  Failed Reason:
Node: data_rdata_i[30]
Net:  data_rdata_i[30]
  Setup Slack:   1739.8ps
  Analysis View: ana_wc
  Failed Reason:


// Path 12
Endpoint:      load_store_unit_i/rdata_q_reg[19]/D
Beginpoint:    data_rdata_i[19]
Analysis View: ana_wc
Hold Slack:    -1052.4ps

Node: load_store_unit_i/rdata_q_reg[19]/D
Net:  data_rdata_i[19]
  Setup Slack:   2525.8ps
  Analysis View: ana_wc
  Failed Reason:
Node: data_rdata_i[19]
Net:  data_rdata_i[19]
  Setup Slack:   1598.0ps
  Analysis View: ana_wc
  Failed Reason:


// Path 13
Endpoint:      load_store_unit_i/rdata_q_reg[12]/D
Beginpoint:    data_rdata_i[12]
Analysis View: ana_wc
Hold Slack:    -1052.3ps

Node: load_store_unit_i/rdata_q_reg[12]/D
Net:  data_rdata_i[12]
  Setup Slack:   2525.4ps
  Analysis View: ana_wc
  Failed Reason:
Node: data_rdata_i[12]
Net:  data_rdata_i[12]
  Setup Slack:   1595.7ps
  Analysis View: ana_wc
  Failed Reason:


// Path 14
Endpoint:      load_store_unit_i/rdata_q_reg[17]/D
Beginpoint:    data_rdata_i[17]
Analysis View: ana_wc
Hold Slack:    -1038.1ps

Node: load_store_unit_i/rdata_q_reg[17]/D
Net:  data_rdata_i[17]
  Setup Slack:   2511.6ps
  Analysis View: ana_wc
  Failed Reason:
Node: data_rdata_i[17]
Net:  data_rdata_i[17]
  Setup Slack:   1522.9ps
  Analysis View: ana_wc
  Failed Reason:


// Path 15
Endpoint:      load_store_unit_i/rdata_q_reg[9]/D
Beginpoint:    data_rdata_i[9]
Analysis View: ana_wc
Hold Slack:    -1038.0ps

Node: load_store_unit_i/rdata_q_reg[9]/D
Net:  data_rdata_i[9]
  Setup Slack:   2512.1ps
  Analysis View: ana_wc
  Failed Reason:
Node: data_rdata_i[9]
Net:  data_rdata_i[9]
  Setup Slack:   1490.8ps
  Analysis View: ana_wc
  Failed Reason:


// Path 16
Endpoint:      cs_registers_i/u_mtvec_csr_rdata_q_reg[20]/D
Beginpoint:    boot_addr_i[20]
Analysis View: ana_wc
Hold Slack:    -1011.3ps

Node: cs_registers_i/u_mtvec_csr_rdata_q_reg[20]/D
Net:  cs_registers_i/n_464
  Setup Slack:   148.4ps
  Analysis View: ana_wc
  Failed Reason:
Node: cs_registers_i/g21393__2802/ZN
Net:  cs_registers_i/n_464
  Setup Slack:   148.4ps
  Analysis View: ana_wc
  Failed Reason:
Node: cs_registers_i/g21393__2802/B2
Net:  boot_addr_i[20]
  Setup Slack:   2460.3ps
  Analysis View: ana_wc
  Failed Reason:
Node: boot_addr_i[20]
Net:  boot_addr_i[20]
  Setup Slack:   1450.5ps
  Analysis View: ana_wc
  Failed Reason:


// Path 17
Endpoint:      cs_registers_i/u_mtvec_csr_rdata_q_reg[28]/D
Beginpoint:    boot_addr_i[28]
Analysis View: ana_wc
Hold Slack:    -988.5ps

Node: cs_registers_i/u_mtvec_csr_rdata_q_reg[28]/D
Net:  cs_registers_i/n_547
  Setup Slack:   165.6ps
  Analysis View: ana_wc
  Failed Reason:
Node: cs_registers_i/g21310__1705/ZN
Net:  cs_registers_i/n_547
  Setup Slack:   165.6ps
  Analysis View: ana_wc
  Failed Reason:
Node: cs_registers_i/g21310__1705/B2
Net:  boot_addr_i[28]
  Setup Slack:   2435.4ps
  Analysis View: ana_wc
  Failed Reason:
Node: boot_addr_i[28]
Net:  boot_addr_i[28]
  Setup Slack:   1521.0ps
  Analysis View: ana_wc
  Failed Reason:


// Path 18
Endpoint:      cs_registers_i/u_mtvec_csr_rdata_q_reg[16]/D
Beginpoint:    boot_addr_i[16]
Analysis View: ana_wc
Hold Slack:    -984.3ps

Node: cs_registers_i/u_mtvec_csr_rdata_q_reg[16]/D
Net:  cs_registers_i/n_531
  Setup Slack:   191.5ps
  Analysis View: ana_wc
  Failed Reason:
Node: cs_registers_i/g21326__6417/ZN
Net:  cs_registers_i/n_531
  Setup Slack:   191.5ps
  Analysis View: ana_wc
  Failed Reason:
Node: cs_registers_i/g21326__6417/B2
Net:  boot_addr_i[16]
  Setup Slack:   2430.3ps
  Analysis View: ana_wc
  Failed Reason:
Node: boot_addr_i[16]
Net:  boot_addr_i[16]
  Setup Slack:   1509.7ps
  Analysis View: ana_wc
  Failed Reason:


// Path 19
Endpoint:      load_store_unit_i/rdata_q_reg[31]/D
Beginpoint:    data_rdata_i[31]
Analysis View: ana_wc
Hold Slack:    -983.9ps

Node: load_store_unit_i/rdata_q_reg[31]/D
Net:  load_store_unit_i/FE_PHN3295_data_rdata_i_31
  Setup Slack:   2463.2ps
  Analysis View: ana_wc
  Failed Reason:
Node: load_store_unit_i/FE_PHC3295_data_rdata_i_31/Z
Net:  load_store_unit_i/FE_PHN3295_data_rdata_i_31
  Setup Slack:   2463.2ps
  Analysis View: ana_wc
  Failed Reason:
Node: load_store_unit_i/FE_PHC3295_data_rdata_i_31/I
Net:  data_rdata_i[31]
  Setup Slack:   2463.2ps
  Analysis View: ana_wc
  Failed Reason:
Node: data_rdata_i[31]
Net:  data_rdata_i[31]
  Setup Slack:   1341.4ps
  Analysis View: ana_wc
  Failed Reason:


// Path 20
Endpoint:      cs_registers_i/u_mtvec_csr_rdata_q_reg[21]/D
Beginpoint:    boot_addr_i[21]
Analysis View: ana_wc
Hold Slack:    -937.2ps

Node: cs_registers_i/u_mtvec_csr_rdata_q_reg[21]/D
Net:  cs_registers_i/n_521
  Setup Slack:   165.2ps
  Analysis View: ana_wc
  Failed Reason:
Node: cs_registers_i/g21336__1617/ZN
Net:  cs_registers_i/n_521
  Setup Slack:   165.2ps
  Analysis View: ana_wc
  Failed Reason:
Node: cs_registers_i/g21336__1617/B2
Net:  cs_registers_i/FE_PHN3413_boot_addr_i_21
  Setup Slack:   2362.1ps
  Analysis View: ana_wc
  Failed Reason:
Node: cs_registers_i/FE_PHC3413_boot_addr_i_21/Z
Net:  cs_registers_i/FE_PHN3413_boot_addr_i_21
  Setup Slack:   2362.1ps
  Analysis View: ana_wc
  Failed Reason:
Node: cs_registers_i/FE_PHC3413_boot_addr_i_21/I
Net:  boot_addr_i[21]
  Setup Slack:   2362.1ps
  Analysis View: ana_wc
  Failed Reason:
Node: boot_addr_i[21]
Net:  boot_addr_i[21]
  Setup Slack:   1690.7ps
  Analysis View: ana_wc
  Failed Reason:


// Path 21
Endpoint:      if_stage_i/gen_prefetch_buffer.prefetch_buffer_i_stored_addr_q_reg[21]/D
Beginpoint:    boot_addr_i[21]
Analysis View: ana_wc
Hold Slack:    -930.9ps

Node: if_stage_i/gen_prefetch_buffer.prefetch_buffer_i_stored_addr_q_reg[21]/D
Net:  instr_addr_o[21]
  Setup Slack:   585.6ps
  Analysis View: ana_wc
  Failed Reason:
Node: if_stage_i/FE_RC_2631_0/ZN
Net:  instr_addr_o[21]
  Setup Slack:   -14.0ps
  Analysis View: ana_wc
  Failed Reason:
Node: if_stage_i/FE_RC_2631_0/A1
Net:  if_stage_i/n_583
  Setup Slack:   -14.0ps
  Analysis View: ana_wc
  Failed Reason:
Node: if_stage_i/g14325/ZN
Net:  if_stage_i/n_583
  Setup Slack:   -14.0ps
  Analysis View: ana_wc
  Failed Reason:
Node: if_stage_i/g14325/A1
Net:  if_stage_i/n_508
  Setup Slack:   -14.0ps
  Analysis View: ana_wc
  Failed Reason:
Node: if_stage_i/g14355/ZN
Net:  if_stage_i/n_508
  Setup Slack:   -14.0ps
  Analysis View: ana_wc
  Failed Reason:
Node: if_stage_i/g14355/A1
Net:  if_stage_i/n_885
  Setup Slack:   -14.0ps
  Analysis View: ana_wc
  Failed Reason:
Node: if_stage_i/g15886/ZN
Net:  if_stage_i/n_885
  Setup Slack:   -14.0ps
  Analysis View: ana_wc
  Failed Reason:
Node: if_stage_i/g15886/B1
Net:  boot_addr_i[21]
  Setup Slack:   1690.7ps
  Analysis View: ana_wc
  Failed Reason:
Node: boot_addr_i[21]
Net:  boot_addr_i[21]
  Setup Slack:   1690.7ps
  Analysis View: ana_wc
  Failed Reason:


// Path 22
Endpoint:      load_store_unit_i/rdata_q_reg[23]/D
Beginpoint:    data_rdata_i[23]
Analysis View: ana_wc
Hold Slack:    -929.7ps

Node: load_store_unit_i/rdata_q_reg[23]/D
Net:  FE_PHN3367_data_rdata_i_23
  Setup Slack:   2356.1ps
  Analysis View: ana_wc
  Failed Reason:
Node: FE_PHC3367_data_rdata_i_23/Z
Net:  FE_PHN3367_data_rdata_i_23
  Setup Slack:   1196.4ps
  Analysis View: ana_wc
  Failed Reason:
Node: FE_PHC3367_data_rdata_i_23/I
Net:  data_rdata_i[23]
  Setup Slack:   1196.4ps
  Analysis View: ana_wc
  Failed Reason:
Node: data_rdata_i[23]
Net:  data_rdata_i[23]
  Setup Slack:   1196.4ps
  Analysis View: ana_wc
  Failed Reason:


// Path 23
Endpoint:      if_stage_i/gen_prefetch_buffer.prefetch_buffer_i_fifo_i_rdata_q_reg[85]/D
Beginpoint:    instr_rdata_i[21]
Analysis View: ana_wc
Hold Slack:    -926.1ps

Node: if_stage_i/gen_prefetch_buffer.prefetch_buffer_i_fifo_i_rdata_q_reg[85]/D
Net:  FE_PHN3282_instr_rdata_i_21
  Setup Slack:   2317.4ps
  Analysis View: ana_wc
  Failed Reason:
Node: FE_PHC3282_instr_rdata_i_21/Z
Net:  FE_PHN3282_instr_rdata_i_21
  Setup Slack:   704.4ps
  Analysis View: ana_wc
  Failed Reason:
Node: FE_PHC3282_instr_rdata_i_21/I
Net:  FE_PHN3360_instr_rdata_i_21
  Setup Slack:   704.4ps
  Analysis View: ana_wc
  Failed Reason:
Node: FE_PHC3360_instr_rdata_i_21/Z
Net:  FE_PHN3360_instr_rdata_i_21
  Setup Slack:   704.4ps
  Analysis View: ana_wc
  Failed Reason:
Node: FE_PHC3360_instr_rdata_i_21/I
Net:  instr_rdata_i[21]
  Setup Slack:   704.4ps
  Analysis View: ana_wc
  Failed Reason:
Node: instr_rdata_i[21]
Net:  instr_rdata_i[21]
  Setup Slack:   704.4ps
  Analysis View: ana_wc
  Failed Reason:


// Path 24
Endpoint:      if_stage_i/gen_prefetch_buffer.prefetch_buffer_i_fifo_i_rdata_q_reg[75]/D
Beginpoint:    instr_rdata_i[11]
Analysis View: ana_wc
Hold Slack:    -925.5ps

Node: if_stage_i/gen_prefetch_buffer.prefetch_buffer_i_fifo_i_rdata_q_reg[75]/D
Net:  FE_PHN3274_instr_rdata_i_11
  Setup Slack:   2316.5ps
  Analysis View: ana_wc
  Failed Reason:
Node: FE_PHC3274_instr_rdata_i_11/Z
Net:  FE_PHN3274_instr_rdata_i_11
  Setup Slack:   648.9ps
  Analysis View: ana_wc
  Failed Reason:
Node: FE_PHC3274_instr_rdata_i_11/I
Net:  FE_PHN3407_instr_rdata_i_11
  Setup Slack:   648.9ps
  Analysis View: ana_wc
  Failed Reason:
Node: FE_PHC3407_instr_rdata_i_11/Z
Net:  FE_PHN3407_instr_rdata_i_11
  Setup Slack:   648.9ps
  Analysis View: ana_wc
  Failed Reason:
Node: FE_PHC3407_instr_rdata_i_11/I
Net:  instr_rdata_i[11]
  Setup Slack:   648.9ps
  Analysis View: ana_wc
  Failed Reason:
Node: instr_rdata_i[11]
Net:  instr_rdata_i[11]
  Setup Slack:   648.9ps
  Analysis View: ana_wc
  Failed Reason:


// Path 25
Endpoint:      if_stage_i/gen_prefetch_buffer.prefetch_buffer_i_fifo_i_rdata_q_reg[70]/D
Beginpoint:    instr_rdata_i[6]
Analysis View: ana_wc
Hold Slack:    -920.1ps

Node: if_stage_i/gen_prefetch_buffer.prefetch_buffer_i_fifo_i_rdata_q_reg[70]/D
Net:  FE_PHN3260_instr_rdata_i_6
  Setup Slack:   2290.2ps
  Analysis View: ana_wc
  Failed Reason:
Node: FE_PHC3260_instr_rdata_i_6/Z
Net:  FE_PHN3260_instr_rdata_i_6
  Setup Slack:   711.5ps
  Analysis View: ana_wc
  Failed Reason:
Node: FE_PHC3260_instr_rdata_i_6/I
Net:  FE_PHN3395_instr_rdata_i_6
  Setup Slack:   711.5ps
  Analysis View: ana_wc
  Failed Reason:
Node: FE_PHC3395_instr_rdata_i_6/Z
Net:  FE_PHN3395_instr_rdata_i_6
  Setup Slack:   711.5ps
  Analysis View: ana_wc
  Failed Reason:
Node: FE_PHC3395_instr_rdata_i_6/I
Net:  instr_rdata_i[6]
  Setup Slack:   711.5ps
  Analysis View: ana_wc
  Failed Reason:
Node: instr_rdata_i[6]
Net:  instr_rdata_i[6]
  Setup Slack:   711.5ps
  Analysis View: ana_wc
  Failed Reason:


// Path 26
Endpoint:      if_stage_i/gen_prefetch_buffer.prefetch_buffer_i_fifo_i_rdata_q_reg[69]/D
Beginpoint:    instr_rdata_i[5]
Analysis View: ana_wc
Hold Slack:    -918.0ps

Node: if_stage_i/gen_prefetch_buffer.prefetch_buffer_i_fifo_i_rdata_q_reg[69]/D
Net:  FE_PHN3268_instr_rdata_i_5
  Setup Slack:   2315.7ps
  Analysis View: ana_wc
  Failed Reason:
Node: FE_PHC3268_instr_rdata_i_5/Z
Net:  FE_PHN3268_instr_rdata_i_5
  Setup Slack:   722.5ps
  Analysis View: ana_wc
  Failed Reason:
Node: FE_PHC3268_instr_rdata_i_5/I
Net:  FE_PHN3401_instr_rdata_i_5
  Setup Slack:   722.5ps
  Analysis View: ana_wc
  Failed Reason:
Node: FE_PHC3401_instr_rdata_i_5/Z
Net:  FE_PHN3401_instr_rdata_i_5
  Setup Slack:   722.5ps
  Analysis View: ana_wc
  Failed Reason:
Node: FE_PHC3401_instr_rdata_i_5/I
Net:  instr_rdata_i[5]
  Setup Slack:   722.5ps
  Analysis View: ana_wc
  Failed Reason:
Node: instr_rdata_i[5]
Net:  instr_rdata_i[5]
  Setup Slack:   722.5ps
  Analysis View: ana_wc
  Failed Reason:


// Path 27
Endpoint:      load_store_unit_i/rdata_q_reg[22]/D
Beginpoint:    data_rdata_i[22]
Analysis View: ana_wc
Hold Slack:    -913.9ps

Node: load_store_unit_i/rdata_q_reg[22]/D
Net:  FE_PHN3362_data_rdata_i_22
  Setup Slack:   2365.8ps
  Analysis View: ana_wc
  Failed Reason:
Node: FE_PHC3362_data_rdata_i_22/Z
Net:  FE_PHN3362_data_rdata_i_22
  Setup Slack:   1488.2ps
  Analysis View: ana_wc
  Failed Reason:
Node: FE_PHC3362_data_rdata_i_22/I
Net:  data_rdata_i[22]
  Setup Slack:   1488.2ps
  Analysis View: ana_wc
  Failed Reason:
Node: data_rdata_i[22]
Net:  data_rdata_i[22]
  Setup Slack:   1488.2ps
  Analysis View: ana_wc
  Failed Reason:


// Path 28
Endpoint:      cs_registers_i/u_mtvec_csr_rdata_q_reg[15]/D
Beginpoint:    boot_addr_i[15]
Analysis View: ana_wc
Hold Slack:    -906.5ps

Node: cs_registers_i/u_mtvec_csr_rdata_q_reg[15]/D
Net:  cs_registers_i/n_514
  Setup Slack:   21.8ps
  Analysis View: ana_wc
  Failed Reason:
Node: cs_registers_i/FE_PHC3313_n_514/Z
Net:  cs_registers_i/n_514
  Setup Slack:   21.8ps
  Analysis View: ana_wc
  Failed Reason:
Node: cs_registers_i/FE_PHC3313_n_514/I
Net:  cs_registers_i/FE_PHN3313_n_514
  Setup Slack:   21.8ps
  Analysis View: ana_wc
  Failed Reason:
Node: cs_registers_i/g21343__1881/ZN
Net:  cs_registers_i/FE_PHN3313_n_514
  Setup Slack:   21.8ps
  Analysis View: ana_wc
  Failed Reason:
Node: cs_registers_i/g21343__1881/B2
Net:  boot_addr_i[15]
  Setup Slack:   2333.9ps
  Analysis View: ana_wc
  Failed Reason:
Node: boot_addr_i[15]
Net:  boot_addr_i[15]
  Setup Slack:   1641.6ps
  Analysis View: ana_wc
  Failed Reason:


// Path 29
Endpoint:      if_stage_i/gen_prefetch_buffer.prefetch_buffer_i_fifo_i_rdata_q_reg[90]/D
Beginpoint:    instr_rdata_i[26]
Analysis View: ana_wc
Hold Slack:    -903.9ps

Node: if_stage_i/gen_prefetch_buffer.prefetch_buffer_i_fifo_i_rdata_q_reg[90]/D
Net:  FE_PHN3258_instr_rdata_i_26
  Setup Slack:   2318.2ps
  Analysis View: ana_wc
  Failed Reason:
Node: FE_PHC3258_instr_rdata_i_26/Z
Net:  FE_PHN3258_instr_rdata_i_26
  Setup Slack:   582.7ps
  Analysis View: ana_wc
  Failed Reason:
Node: FE_PHC3258_instr_rdata_i_26/I
Net:  FE_PHN3408_instr_rdata_i_26
  Setup Slack:   582.7ps
  Analysis View: ana_wc
  Failed Reason:
Node: FE_PHC3408_instr_rdata_i_26/Z
Net:  FE_PHN3408_instr_rdata_i_26
  Setup Slack:   582.7ps
  Analysis View: ana_wc
  Failed Reason:
Node: FE_PHC3408_instr_rdata_i_26/I
Net:  instr_rdata_i[26]
  Setup Slack:   582.7ps
  Analysis View: ana_wc
  Failed Reason:
Node: instr_rdata_i[26]
Net:  instr_rdata_i[26]
  Setup Slack:   582.7ps
  Analysis View: ana_wc
  Failed Reason:


// Path 30
Endpoint:      if_stage_i/gen_prefetch_buffer.prefetch_buffer_i_fifo_i_rdata_q_reg[89]/D
Beginpoint:    instr_rdata_i[25]
Analysis View: ana_wc
Hold Slack:    -891.4ps

Node: if_stage_i/gen_prefetch_buffer.prefetch_buffer_i_fifo_i_rdata_q_reg[89]/D
Net:  FE_PHN3257_instr_rdata_i_25
  Setup Slack:   2294.1ps
  Analysis View: ana_wc
  Failed Reason:
Node: FE_PHC3257_instr_rdata_i_25/Z
Net:  FE_PHN3257_instr_rdata_i_25
  Setup Slack:   633.5ps
  Analysis View: ana_wc
  Failed Reason:
Node: FE_PHC3257_instr_rdata_i_25/I
Net:  FE_PHN3399_instr_rdata_i_25
  Setup Slack:   633.5ps
  Analysis View: ana_wc
  Failed Reason:
Node: FE_PHC3399_instr_rdata_i_25/Z
Net:  FE_PHN3399_instr_rdata_i_25
  Setup Slack:   633.5ps
  Analysis View: ana_wc
  Failed Reason:
Node: FE_PHC3399_instr_rdata_i_25/I
Net:  instr_rdata_i[25]
  Setup Slack:   633.5ps
  Analysis View: ana_wc
  Failed Reason:
Node: instr_rdata_i[25]
Net:  instr_rdata_i[25]
  Setup Slack:   633.5ps
  Analysis View: ana_wc
  Failed Reason:


// Path 31
Endpoint:      if_stage_i/gen_prefetch_buffer.prefetch_buffer_i_fifo_i_rdata_q_reg[81]/D
Beginpoint:    instr_rdata_i[17]
Analysis View: ana_wc
Hold Slack:    -888.6ps

Node: if_stage_i/gen_prefetch_buffer.prefetch_buffer_i_fifo_i_rdata_q_reg[81]/D
Net:  FE_PHN3261_instr_rdata_i_17
  Setup Slack:   2319.5ps
  Analysis View: ana_wc
  Failed Reason:
Node: FE_PHC3261_instr_rdata_i_17/Z
Net:  FE_PHN3261_instr_rdata_i_17
  Setup Slack:   588.0ps
  Analysis View: ana_wc
  Failed Reason:
Node: FE_PHC3261_instr_rdata_i_17/I
Net:  FE_PHN3415_instr_rdata_i_17
  Setup Slack:   588.0ps
  Analysis View: ana_wc
  Failed Reason:
Node: FE_PHC3415_instr_rdata_i_17/Z
Net:  FE_PHN3415_instr_rdata_i_17
  Setup Slack:   588.0ps
  Analysis View: ana_wc
  Failed Reason:
Node: FE_PHC3415_instr_rdata_i_17/I
Net:  instr_rdata_i[17]
  Setup Slack:   588.0ps
  Analysis View: ana_wc
  Failed Reason:
Node: instr_rdata_i[17]
Net:  instr_rdata_i[17]
  Setup Slack:   588.0ps
  Analysis View: ana_wc
  Failed Reason:


// Path 32
Endpoint:      if_stage_i/gen_prefetch_buffer.prefetch_buffer_i_fifo_i_rdata_q_reg[94]/D
Beginpoint:    instr_rdata_i[30]
Analysis View: ana_wc
Hold Slack:    -887.4ps

Node: if_stage_i/gen_prefetch_buffer.prefetch_buffer_i_fifo_i_rdata_q_reg[94]/D
Net:  FE_PHN3377_instr_rdata_i_30
  Setup Slack:   2279.4ps
  Analysis View: ana_wc
  Failed Reason:
Node: FE_PHC3377_instr_rdata_i_30/Z
Net:  FE_PHN3377_instr_rdata_i_30
  Setup Slack:   604.5ps
  Analysis View: ana_wc
  Failed Reason:
Node: FE_PHC3377_instr_rdata_i_30/I
Net:  FE_PHN3249_instr_rdata_i_30
  Setup Slack:   604.5ps
  Analysis View: ana_wc
  Failed Reason:
Node: FE_PHC3249_instr_rdata_i_30/Z
Net:  FE_PHN3249_instr_rdata_i_30
  Setup Slack:   604.5ps
  Analysis View: ana_wc
  Failed Reason:
Node: FE_PHC3249_instr_rdata_i_30/I
Net:  instr_rdata_i[30]
  Setup Slack:   604.5ps
  Analysis View: ana_wc
  Failed Reason:
Node: instr_rdata_i[30]
Net:  instr_rdata_i[30]
  Setup Slack:   604.5ps
  Analysis View: ana_wc
  Failed Reason:


// Path 33
Endpoint:      if_stage_i/gen_prefetch_buffer.prefetch_buffer_i_fifo_i_rdata_q_reg[78]/D
Beginpoint:    instr_rdata_i[14]
Analysis View: ana_wc
Hold Slack:    -885.6ps

Node: if_stage_i/gen_prefetch_buffer.prefetch_buffer_i_fifo_i_rdata_q_reg[78]/D
Net:  FE_PHN3262_instr_rdata_i_14
  Setup Slack:   2256.4ps
  Analysis View: ana_wc
  Failed Reason:
Node: FE_PHC3262_instr_rdata_i_14/Z
Net:  FE_PHN3262_instr_rdata_i_14
  Setup Slack:   559.0ps
  Analysis View: ana_wc
  Failed Reason:
Node: FE_PHC3262_instr_rdata_i_14/I
Net:  FE_PHN3409_instr_rdata_i_14
  Setup Slack:   559.0ps
  Analysis View: ana_wc
  Failed Reason:
Node: FE_PHC3409_instr_rdata_i_14/Z
Net:  FE_PHN3409_instr_rdata_i_14
  Setup Slack:   559.0ps
  Analysis View: ana_wc
  Failed Reason:
Node: FE_PHC3409_instr_rdata_i_14/I
Net:  instr_rdata_i[14]
  Setup Slack:   559.0ps
  Analysis View: ana_wc
  Failed Reason:
Node: instr_rdata_i[14]
Net:  instr_rdata_i[14]
  Setup Slack:   559.0ps
  Analysis View: ana_wc
  Failed Reason:


// Path 34
Endpoint:      cs_registers_i/u_mtvec_csr_rdata_q_reg[22]/D
Beginpoint:    boot_addr_i[22]
Analysis View: ana_wc
Hold Slack:    -882.2ps

Node: cs_registers_i/u_mtvec_csr_rdata_q_reg[22]/D
Net:  cs_registers_i/n_548
  Setup Slack:   202.4ps
  Analysis View: ana_wc
  Failed Reason:
Node: cs_registers_i/g21309__2802/ZN
Net:  cs_registers_i/n_548
  Setup Slack:   202.4ps
  Analysis View: ana_wc
  Failed Reason:
Node: cs_registers_i/g21309__2802/B2
Net:  FE_PHN3376_boot_addr_i_22
  Setup Slack:   2330.1ps
  Analysis View: ana_wc
  Failed Reason:
Node: FE_PHC3376_boot_addr_i_22/Z
Net:  FE_PHN3376_boot_addr_i_22
  Setup Slack:   1569.5ps
  Analysis View: ana_wc
  Failed Reason:
Node: FE_PHC3376_boot_addr_i_22/I
Net:  boot_addr_i[22]
  Setup Slack:   1569.5ps
  Analysis View: ana_wc
  Failed Reason:
Node: boot_addr_i[22]
Net:  boot_addr_i[22]
  Setup Slack:   1569.5ps
  Analysis View: ana_wc
  Failed Reason:


// Path 35
Endpoint:      if_stage_i/gen_prefetch_buffer.prefetch_buffer_i_fifo_i_rdata_q_reg[91]/D
Beginpoint:    instr_rdata_i[27]
Analysis View: ana_wc
Hold Slack:    -879.5ps

Node: if_stage_i/gen_prefetch_buffer.prefetch_buffer_i_fifo_i_rdata_q_reg[91]/D
Net:  FE_PHN3239_instr_rdata_i_27
  Setup Slack:   2287.7ps
  Analysis View: ana_wc
  Failed Reason:
Node: FE_PHC3239_instr_rdata_i_27/Z
Net:  FE_PHN3239_instr_rdata_i_27
  Setup Slack:   703.7ps
  Analysis View: ana_wc
  Failed Reason:
Node: FE_PHC3239_instr_rdata_i_27/I
Net:  FE_PHN3410_instr_rdata_i_27
  Setup Slack:   703.7ps
  Analysis View: ana_wc
  Failed Reason:
Node: FE_PHC3410_instr_rdata_i_27/Z
Net:  FE_PHN3410_instr_rdata_i_27
  Setup Slack:   703.7ps
  Analysis View: ana_wc
  Failed Reason:
Node: FE_PHC3410_instr_rdata_i_27/I
Net:  instr_rdata_i[27]
  Setup Slack:   703.7ps
  Analysis View: ana_wc
  Failed Reason:
Node: instr_rdata_i[27]
Net:  instr_rdata_i[27]
  Setup Slack:   703.7ps
  Analysis View: ana_wc
  Failed Reason:


// Path 36
Endpoint:      if_stage_i/gen_prefetch_buffer.prefetch_buffer_i_fifo_i_err_q_reg[2]/D
Beginpoint:    instr_err_i
Analysis View: ana_wc
Hold Slack:    -878.3ps

Node: if_stage_i/gen_prefetch_buffer.prefetch_buffer_i_fifo_i_err_q_reg[2]/D
Net:  FE_PHN3240_instr_err_i
  Setup Slack:   2252.2ps
  Analysis View: ana_wc
  Failed Reason:
Node: FE_PHC3240_instr_err_i/Z
Net:  FE_PHN3240_instr_err_i
  Setup Slack:   541.0ps
  Analysis View: ana_wc
  Failed Reason:
Node: FE_PHC3240_instr_err_i/I
Net:  FE_PHN3417_instr_err_i
  Setup Slack:   541.0ps
  Analysis View: ana_wc
  Failed Reason:
Node: FE_PHC3417_instr_err_i/Z
Net:  FE_PHN3417_instr_err_i
  Setup Slack:   541.0ps
  Analysis View: ana_wc
  Failed Reason:
Node: FE_PHC3417_instr_err_i/I
Net:  instr_err_i
  Setup Slack:   541.0ps
  Analysis View: ana_wc
  Failed Reason:
Node: instr_err_i
Net:  instr_err_i
  Setup Slack:   541.0ps
  Analysis View: ana_wc
  Failed Reason:


// Path 37
Endpoint:      if_stage_i/gen_prefetch_buffer.prefetch_buffer_i_fifo_i_rdata_q_reg[95]/D
Beginpoint:    instr_rdata_i[31]
Analysis View: ana_wc
Hold Slack:    -877.3ps

Node: if_stage_i/gen_prefetch_buffer.prefetch_buffer_i_fifo_i_rdata_q_reg[95]/D
Net:  FE_PHN3238_instr_rdata_i_31
  Setup Slack:   2265.2ps
  Analysis View: ana_wc
  Failed Reason:
Node: FE_PHC3238_instr_rdata_i_31/Z
Net:  FE_PHN3238_instr_rdata_i_31
  Setup Slack:   748.9ps
  Analysis View: ana_wc
  Failed Reason:
Node: FE_PHC3238_instr_rdata_i_31/I
Net:  FE_PHN3411_instr_rdata_i_31
  Setup Slack:   748.9ps
  Analysis View: ana_wc
  Failed Reason:
Node: FE_PHC3411_instr_rdata_i_31/Z
Net:  FE_PHN3411_instr_rdata_i_31
  Setup Slack:   748.9ps
  Analysis View: ana_wc
  Failed Reason:
Node: FE_PHC3411_instr_rdata_i_31/I
Net:  instr_rdata_i[31]
  Setup Slack:   748.9ps
  Analysis View: ana_wc
  Failed Reason:
Node: instr_rdata_i[31]
Net:  instr_rdata_i[31]
  Setup Slack:   748.9ps
  Analysis View: ana_wc
  Failed Reason:


// Path 38
Endpoint:      if_stage_i/gen_prefetch_buffer.prefetch_buffer_i_fifo_i_rdata_q_reg[53]/DB
Beginpoint:    instr_rdata_i[21]
Analysis View: ana_wc
Hold Slack:    -865.9ps

Node: if_stage_i/gen_prefetch_buffer.prefetch_buffer_i_fifo_i_rdata_q_reg[53]/DB
Net:  FE_PHN3282_instr_rdata_i_21
  Setup Slack:   2262.9ps
  Analysis View: ana_wc
  Failed Reason:
Node: FE_PHC3282_instr_rdata_i_21/Z
Net:  FE_PHN3282_instr_rdata_i_21
  Setup Slack:   704.4ps
  Analysis View: ana_wc
  Failed Reason:
Node: FE_PHC3282_instr_rdata_i_21/I
Net:  FE_PHN3360_instr_rdata_i_21
  Setup Slack:   704.4ps
  Analysis View: ana_wc
  Failed Reason:
Node: FE_PHC3360_instr_rdata_i_21/Z
Net:  FE_PHN3360_instr_rdata_i_21
  Setup Slack:   704.4ps
  Analysis View: ana_wc
  Failed Reason:
Node: FE_PHC3360_instr_rdata_i_21/I
Net:  instr_rdata_i[21]
  Setup Slack:   704.4ps
  Analysis View: ana_wc
  Failed Reason:
Node: instr_rdata_i[21]
Net:  instr_rdata_i[21]
  Setup Slack:   704.4ps
  Analysis View: ana_wc
  Failed Reason:


// Path 39
Endpoint:      if_stage_i/gen_prefetch_buffer.prefetch_buffer_i_fifo_i_rdata_q_reg[84]/D
Beginpoint:    instr_rdata_i[20]
Analysis View: ana_wc
Hold Slack:    -860.9ps

Node: if_stage_i/gen_prefetch_buffer.prefetch_buffer_i_fifo_i_rdata_q_reg[84]/D
Net:  FE_PHN3292_instr_rdata_i_20
  Setup Slack:   2225.3ps
  Analysis View: ana_wc
  Failed Reason:
Node: FE_PHC3292_instr_rdata_i_20/Z
Net:  FE_PHN3292_instr_rdata_i_20
  Setup Slack:   736.4ps
  Analysis View: ana_wc
  Failed Reason:
Node: FE_PHC3292_instr_rdata_i_20/I
Net:  FE_PHN3359_instr_rdata_i_20
  Setup Slack:   736.4ps
  Analysis View: ana_wc
  Failed Reason:
Node: FE_PHC3359_instr_rdata_i_20/Z
Net:  FE_PHN3359_instr_rdata_i_20
  Setup Slack:   736.4ps
  Analysis View: ana_wc
  Failed Reason:
Node: FE_PHC3359_instr_rdata_i_20/I
Net:  instr_rdata_i[20]
  Setup Slack:   736.4ps
  Analysis View: ana_wc
  Failed Reason:
Node: instr_rdata_i[20]
Net:  instr_rdata_i[20]
  Setup Slack:   736.4ps
  Analysis View: ana_wc
  Failed Reason:


// Path 40
Endpoint:      if_stage_i/gen_prefetch_buffer.prefetch_buffer_i_fifo_i_rdata_q_reg[65]/D
Beginpoint:    instr_rdata_i[1]
Analysis View: ana_wc
Hold Slack:    -857.1ps

Node: if_stage_i/gen_prefetch_buffer.prefetch_buffer_i_fifo_i_rdata_q_reg[65]/D
Net:  FE_PHN3242_instr_rdata_i_1
  Setup Slack:   2256.8ps
  Analysis View: ana_wc
  Failed Reason:
Node: FE_PHC3242_instr_rdata_i_1/Z
Net:  FE_PHN3242_instr_rdata_i_1
  Setup Slack:   524.5ps
  Analysis View: ana_wc
  Failed Reason:
Node: FE_PHC3242_instr_rdata_i_1/I
Net:  FE_PHN3418_instr_rdata_i_1
  Setup Slack:   524.5ps
  Analysis View: ana_wc
  Failed Reason:
Node: FE_PHC3418_instr_rdata_i_1/Z
Net:  FE_PHN3418_instr_rdata_i_1
  Setup Slack:   524.5ps
  Analysis View: ana_wc
  Failed Reason:
Node: FE_PHC3418_instr_rdata_i_1/I
Net:  instr_rdata_i[1]
  Setup Slack:   524.5ps
  Analysis View: ana_wc
  Failed Reason:
Node: instr_rdata_i[1]
Net:  instr_rdata_i[1]
  Setup Slack:   524.5ps
  Analysis View: ana_wc
  Failed Reason:


// Path 41
Endpoint:      if_stage_i/gen_prefetch_buffer.prefetch_buffer_i_fifo_i_rdata_q_reg[43]/DB
Beginpoint:    instr_rdata_i[11]
Analysis View: ana_wc
Hold Slack:    -855.5ps

Node: if_stage_i/gen_prefetch_buffer.prefetch_buffer_i_fifo_i_rdata_q_reg[43]/DB
Net:  FE_PHN3274_instr_rdata_i_11
  Setup Slack:   2259.2ps
  Analysis View: ana_wc
  Failed Reason:
Node: FE_PHC3274_instr_rdata_i_11/Z
Net:  FE_PHN3274_instr_rdata_i_11
  Setup Slack:   648.9ps
  Analysis View: ana_wc
  Failed Reason:
Node: FE_PHC3274_instr_rdata_i_11/I
Net:  FE_PHN3407_instr_rdata_i_11
  Setup Slack:   648.9ps
  Analysis View: ana_wc
  Failed Reason:
Node: FE_PHC3407_instr_rdata_i_11/Z
Net:  FE_PHN3407_instr_rdata_i_11
  Setup Slack:   648.9ps
  Analysis View: ana_wc
  Failed Reason:
Node: FE_PHC3407_instr_rdata_i_11/I
Net:  instr_rdata_i[11]
  Setup Slack:   648.9ps
  Analysis View: ana_wc
  Failed Reason:
Node: instr_rdata_i[11]
Net:  instr_rdata_i[11]
  Setup Slack:   648.9ps
  Analysis View: ana_wc
  Failed Reason:


// Path 42
Endpoint:      if_stage_i/gen_prefetch_buffer.prefetch_buffer_i_fifo_i_rdata_q_reg[37]/DB
Beginpoint:    instr_rdata_i[5]
Analysis View: ana_wc
Hold Slack:    -847.7ps

Node: if_stage_i/gen_prefetch_buffer.prefetch_buffer_i_fifo_i_rdata_q_reg[37]/DB
Net:  FE_PHN3268_instr_rdata_i_5
  Setup Slack:   2258.2ps
  Analysis View: ana_wc
  Failed Reason:
Node: FE_PHC3268_instr_rdata_i_5/Z
Net:  FE_PHN3268_instr_rdata_i_5
  Setup Slack:   722.5ps
  Analysis View: ana_wc
  Failed Reason:
Node: FE_PHC3268_instr_rdata_i_5/I
Net:  FE_PHN3401_instr_rdata_i_5
  Setup Slack:   722.5ps
  Analysis View: ana_wc
  Failed Reason:
Node: FE_PHC3401_instr_rdata_i_5/Z
Net:  FE_PHN3401_instr_rdata_i_5
  Setup Slack:   722.5ps
  Analysis View: ana_wc
  Failed Reason:
Node: FE_PHC3401_instr_rdata_i_5/I
Net:  instr_rdata_i[5]
  Setup Slack:   722.5ps
  Analysis View: ana_wc
  Failed Reason:
Node: instr_rdata_i[5]
Net:  instr_rdata_i[5]
  Setup Slack:   722.5ps
  Analysis View: ana_wc
  Failed Reason:


// Path 43
Endpoint:      if_stage_i/gen_prefetch_buffer.prefetch_buffer_i_fifo_i_rdata_q_reg[38]/DB
Beginpoint:    instr_rdata_i[6]
Analysis View: ana_wc
Hold Slack:    -847.5ps

Node: if_stage_i/gen_prefetch_buffer.prefetch_buffer_i_fifo_i_rdata_q_reg[38]/DB
Net:  FE_PHN3260_instr_rdata_i_6
  Setup Slack:   2231.3ps
  Analysis View: ana_wc
  Failed Reason:
Node: FE_PHC3260_instr_rdata_i_6/Z
Net:  FE_PHN3260_instr_rdata_i_6
  Setup Slack:   711.5ps
  Analysis View: ana_wc
  Failed Reason:
Node: FE_PHC3260_instr_rdata_i_6/I
Net:  FE_PHN3395_instr_rdata_i_6
  Setup Slack:   711.5ps
  Analysis View: ana_wc
  Failed Reason:
Node: FE_PHC3395_instr_rdata_i_6/Z
Net:  FE_PHN3395_instr_rdata_i_6
  Setup Slack:   711.5ps
  Analysis View: ana_wc
  Failed Reason:
Node: FE_PHC3395_instr_rdata_i_6/I
Net:  instr_rdata_i[6]
  Setup Slack:   711.5ps
  Analysis View: ana_wc
  Failed Reason:
Node: instr_rdata_i[6]
Net:  instr_rdata_i[6]
  Setup Slack:   711.5ps
  Analysis View: ana_wc
  Failed Reason:


// Path 44
Endpoint:      if_stage_i/gen_prefetch_buffer.prefetch_buffer_i_fifo_i_rdata_q_reg[80]/D
Beginpoint:    instr_rdata_i[16]
Analysis View: ana_wc
Hold Slack:    -847.3ps

Node: if_stage_i/gen_prefetch_buffer.prefetch_buffer_i_fifo_i_rdata_q_reg[80]/D
Net:  FE_PHN3254_instr_rdata_i_16
  Setup Slack:   2252.3ps
  Analysis View: ana_wc
  Failed Reason:
Node: FE_PHC3254_instr_rdata_i_16/Z
Net:  FE_PHN3254_instr_rdata_i_16
  Setup Slack:   497.7ps
  Analysis View: ana_wc
  Failed Reason:
Node: FE_PHC3254_instr_rdata_i_16/I
Net:  FE_PHN3389_instr_rdata_i_16
  Setup Slack:   497.7ps
  Analysis View: ana_wc
  Failed Reason:
Node: FE_PHC3389_instr_rdata_i_16/Z
Net:  FE_PHN3389_instr_rdata_i_16
  Setup Slack:   497.7ps
  Analysis View: ana_wc
  Failed Reason:
Node: FE_PHC3389_instr_rdata_i_16/I
Net:  instr_rdata_i[16]
  Setup Slack:   497.7ps
  Analysis View: ana_wc
  Failed Reason:
Node: instr_rdata_i[16]
Net:  instr_rdata_i[16]
  Setup Slack:   497.7ps
  Analysis View: ana_wc
  Failed Reason:


// Path 45
Endpoint:      if_stage_i/gen_prefetch_buffer.prefetch_buffer_i_fifo_i_rdata_q_reg[49]/DB
Beginpoint:    instr_rdata_i[17]
Analysis View: ana_wc
Hold Slack:    -841.0ps

Node: if_stage_i/gen_prefetch_buffer.prefetch_buffer_i_fifo_i_rdata_q_reg[49]/DB
Net:  FE_PHN3261_instr_rdata_i_17
  Setup Slack:   2274.3ps
  Analysis View: ana_wc
  Failed Reason:
Node: FE_PHC3261_instr_rdata_i_17/Z
Net:  FE_PHN3261_instr_rdata_i_17
  Setup Slack:   588.0ps
  Analysis View: ana_wc
  Failed Reason:
Node: FE_PHC3261_instr_rdata_i_17/I
Net:  FE_PHN3415_instr_rdata_i_17
  Setup Slack:   588.0ps
  Analysis View: ana_wc
  Failed Reason:
Node: FE_PHC3415_instr_rdata_i_17/Z
Net:  FE_PHN3415_instr_rdata_i_17
  Setup Slack:   588.0ps
  Analysis View: ana_wc
  Failed Reason:
Node: FE_PHC3415_instr_rdata_i_17/I
Net:  instr_rdata_i[17]
  Setup Slack:   588.0ps
  Analysis View: ana_wc
  Failed Reason:
Node: instr_rdata_i[17]
Net:  instr_rdata_i[17]
  Setup Slack:   588.0ps
  Analysis View: ana_wc
  Failed Reason:


// Path 46
Endpoint:      if_stage_i/gen_prefetch_buffer.prefetch_buffer_i_fifo_i_rdata_q_reg[21]/DB
Beginpoint:    instr_rdata_i[21]
Analysis View: ana_wc
Hold Slack:    -840.0ps

Node: if_stage_i/gen_prefetch_buffer.prefetch_buffer_i_fifo_i_rdata_q_reg[21]/DB
Net:  FE_PHN3282_instr_rdata_i_21
  Setup Slack:   2236.4ps
  Analysis View: ana_wc
  Failed Reason:
Node: FE_PHC3282_instr_rdata_i_21/Z
Net:  FE_PHN3282_instr_rdata_i_21
  Setup Slack:   704.4ps
  Analysis View: ana_wc
  Failed Reason:
Node: FE_PHC3282_instr_rdata_i_21/I
Net:  FE_PHN3360_instr_rdata_i_21
  Setup Slack:   704.4ps
  Analysis View: ana_wc
  Failed Reason:
Node: FE_PHC3360_instr_rdata_i_21/Z
Net:  FE_PHN3360_instr_rdata_i_21
  Setup Slack:   704.4ps
  Analysis View: ana_wc
  Failed Reason:
Node: FE_PHC3360_instr_rdata_i_21/I
Net:  instr_rdata_i[21]
  Setup Slack:   704.4ps
  Analysis View: ana_wc
  Failed Reason:
Node: instr_rdata_i[21]
Net:  instr_rdata_i[21]
  Setup Slack:   704.4ps
  Analysis View: ana_wc
  Failed Reason:


// Path 47
Endpoint:      if_stage_i/gen_prefetch_buffer.prefetch_buffer_i_fifo_i_rdata_q_reg[87]/D
Beginpoint:    instr_rdata_i[23]
Analysis View: ana_wc
Hold Slack:    -836.4ps

Node: if_stage_i/gen_prefetch_buffer.prefetch_buffer_i_fifo_i_rdata_q_reg[87]/D
Net:  FE_PHN3264_instr_rdata_i_23
  Setup Slack:   2186.1ps
  Analysis View: ana_wc
  Failed Reason:
Node: FE_PHC3264_instr_rdata_i_23/Z
Net:  FE_PHN3264_instr_rdata_i_23
  Setup Slack:   688.6ps
  Analysis View: ana_wc
  Failed Reason:
Node: FE_PHC3264_instr_rdata_i_23/I
Net:  FE_PHN3365_instr_rdata_i_23
  Setup Slack:   688.6ps
  Analysis View: ana_wc
  Failed Reason:
Node: FE_PHC3365_instr_rdata_i_23/Z
Net:  FE_PHN3365_instr_rdata_i_23
  Setup Slack:   688.6ps
  Analysis View: ana_wc
  Failed Reason:
Node: FE_PHC3365_instr_rdata_i_23/I
Net:  instr_rdata_i[23]
  Setup Slack:   688.6ps
  Analysis View: ana_wc
  Failed Reason:
Node: instr_rdata_i[23]
Net:  instr_rdata_i[23]
  Setup Slack:   688.6ps
  Analysis View: ana_wc
  Failed Reason:


// Path 48
Endpoint:      if_stage_i/gen_prefetch_buffer.prefetch_buffer_i_fifo_i_rdata_q_reg[58]/DB
Beginpoint:    instr_rdata_i[26]
Analysis View: ana_wc
Hold Slack:    -833.7ps

Node: if_stage_i/gen_prefetch_buffer.prefetch_buffer_i_fifo_i_rdata_q_reg[58]/DB
Net:  FE_PHN3258_instr_rdata_i_26
  Setup Slack:   2260.8ps
  Analysis View: ana_wc
  Failed Reason:
Node: FE_PHC3258_instr_rdata_i_26/Z
Net:  FE_PHN3258_instr_rdata_i_26
  Setup Slack:   582.7ps
  Analysis View: ana_wc
  Failed Reason:
Node: FE_PHC3258_instr_rdata_i_26/I
Net:  FE_PHN3408_instr_rdata_i_26
  Setup Slack:   582.7ps
  Analysis View: ana_wc
  Failed Reason:
Node: FE_PHC3408_instr_rdata_i_26/Z
Net:  FE_PHN3408_instr_rdata_i_26
  Setup Slack:   582.7ps
  Analysis View: ana_wc
  Failed Reason:
Node: FE_PHC3408_instr_rdata_i_26/I
Net:  instr_rdata_i[26]
  Setup Slack:   582.7ps
  Analysis View: ana_wc
  Failed Reason:
Node: instr_rdata_i[26]
Net:  instr_rdata_i[26]
  Setup Slack:   582.7ps
  Analysis View: ana_wc
  Failed Reason:


// Path 49
Endpoint:      if_stage_i/gen_prefetch_buffer.prefetch_buffer_i_fifo_i_rdata_q_reg[76]/D
Beginpoint:    instr_rdata_i[12]
Analysis View: ana_wc
Hold Slack:    -831.9ps

Node: if_stage_i/gen_prefetch_buffer.prefetch_buffer_i_fifo_i_rdata_q_reg[76]/D
Net:  FE_PHN3293_instr_rdata_i_12
  Setup Slack:   2159.3ps
  Analysis View: ana_wc
  Failed Reason:
Node: FE_PHC3293_instr_rdata_i_12/Z
Net:  FE_PHN3293_instr_rdata_i_12
  Setup Slack:   590.6ps
  Analysis View: ana_wc
  Failed Reason:
Node: FE_PHC3293_instr_rdata_i_12/I
Net:  FE_PHN3363_instr_rdata_i_12
  Setup Slack:   590.6ps
  Analysis View: ana_wc
  Failed Reason:
Node: FE_PHC3363_instr_rdata_i_12/Z
Net:  FE_PHN3363_instr_rdata_i_12
  Setup Slack:   590.6ps
  Analysis View: ana_wc
  Failed Reason:
Node: FE_PHC3363_instr_rdata_i_12/I
Net:  instr_rdata_i[12]
  Setup Slack:   590.6ps
  Analysis View: ana_wc
  Failed Reason:
Node: instr_rdata_i[12]
Net:  instr_rdata_i[12]
  Setup Slack:   590.6ps
  Analysis View: ana_wc
  Failed Reason:


// Path 50
Endpoint:      if_stage_i/gen_prefetch_buffer.prefetch_buffer_i_fifo_i_rdata_q_reg[57]/DB
Beginpoint:    instr_rdata_i[25]
Analysis View: ana_wc
Hold Slack:    -826.4ps

Node: if_stage_i/gen_prefetch_buffer.prefetch_buffer_i_fifo_i_rdata_q_reg[57]/DB
Net:  FE_PHN3257_instr_rdata_i_25
  Setup Slack:   2234.6ps
  Analysis View: ana_wc
  Failed Reason:
Node: FE_PHC3257_instr_rdata_i_25/Z
Net:  FE_PHN3257_instr_rdata_i_25
  Setup Slack:   633.5ps
  Analysis View: ana_wc
  Failed Reason:
Node: FE_PHC3257_instr_rdata_i_25/I
Net:  FE_PHN3399_instr_rdata_i_25
  Setup Slack:   633.5ps
  Analysis View: ana_wc
  Failed Reason:
Node: FE_PHC3399_instr_rdata_i_25/Z
Net:  FE_PHN3399_instr_rdata_i_25
  Setup Slack:   633.5ps
  Analysis View: ana_wc
  Failed Reason:
Node: FE_PHC3399_instr_rdata_i_25/I
Net:  instr_rdata_i[25]
  Setup Slack:   633.5ps
  Analysis View: ana_wc
  Failed Reason:
Node: instr_rdata_i[25]
Net:  instr_rdata_i[25]
  Setup Slack:   633.5ps
  Analysis View: ana_wc
  Failed Reason:
